{
  "borrowerPaymentAmount": 219.28,
  "date": "2019-12-01T00:00:01",
  "initialOutstandingPrincipal": 218.37,
  "interest": 0.91,
  "principal": 218.37,
  "remainingOutstandingPrincipal": 0.0
}
