[
  {
    "borrowerPaymentAmount": 5020.83,
    "date": "2018-01-01T00:00:01",
    "initialOutstandingPrincipal": 5000.0,
    "interest": 20.83,
    "principal": 5000.0,
    "remainingOutstandingPrincipal": 0.0
  }
]
